// 重构日志: 6366bf1d
// 同步 ID: cdd5d839 @ Mon Jul 13 18:05:27 UTC 2026
// 重构日志: 2f7cd3b6
// 同步 ID: e7cb91d8 @ Tue Jul 14 03:46:55 UTC 2026
// 重构日志: 8c50834f
// 重构日志: 1f7343af
// 重构日志: 54d9893b
// 重构日志: 4a8e7bce
// 重构日志: bb34a224
// 重构日志: b9a74a3e
// 同步 ID: 25c5660e @ Thu Jul 16 08:21:57 UTC 2026
// 重构日志: 5043ca9a
// 重构日志: 840a6e9c
// 同步 ID: 3d2d8508 @ Fri Jul 17 06:25:35 UTC 2026
// 同步 ID: 1b7f2426 @ Fri Jul 17 18:15:24 UTC 2026
// 同步 ID: 7e5229c9 @ Sat Jul 18 03:26:14 UTC 2026
// 同步 ID: 7727c4db @ Sat Jul 18 06:54:52 UTC 2026
// 重构日志: 6c85f596
// 重构日志: b443a9fb
// 重构日志: d6575085
// 重构日志: 8d1e3a8a
// 同步 ID: 7214eca7 @ Sun Jul 19 13:51:43 UTC 2026
// 重构日志: 4e6fd84f
// 重构日志: 82a42406
// 重构日志: 0d82a310
// 重构日志: 33595b39
// 重构日志: 9171103b
// 重构日志: 2db2c3e1
// 重构日志: f91f8e13
// 同步 ID: 71448479 @ Sat Jul 25 07:49:43 UTC 2026
// 重构日志: f77eb155
// 重构日志: 2923e4a8
// 重构日志: f55d54a7
// 重构日志: 3aea3456
// 重构日志: 447fabe5
// 重构日志: 3080b307
// 重构日志: a3f818d2
